Archive member included to satisfy reference by file (symbol)

C:/ST/STM32CubeIDE_1.13.1/STM32CubeIDE/plugins/com.st.stm32cube.ide.mcu.externaltools.gnu-tools-for-stm32.11.3.rel1.win32_1.1.1.202309131626/tools/bin/../lib/gcc/arm-none-eabi/11.3.1/../../../../arm-none-eabi/lib/thumb/v7e-m+fp/hard\libc_nano.a(libc_a-exit.o)
                              C:/ST/STM32CubeIDE_1.13.1/STM32CubeIDE/plugins/com.st.stm32cube.ide.mcu.externaltools.gnu-tools-for-stm32.11.3.rel1.win32_1.1.1.202309131626/tools/bin/../lib/gcc/arm-none-eabi/11.3.1/../../../../arm-none-eabi/lib/thumb/v7e-m+fp/hard/crt0.o (exit)
C:/ST/STM32CubeIDE_1.13.1/STM32CubeIDE/plugins/com.st.stm32cube.ide.mcu.externaltools.gnu-tools-for-stm32.11.3.rel1.win32_1.1.1.202309131626/tools/bin/../lib/gcc/arm-none-eabi/11.3.1/../../../../arm-none-eabi/lib/thumb/v7e-m+fp/hard\libc_nano.a(libc_a-findfp.o)
                              C:/ST/STM32CubeIDE_1.13.1/STM32CubeIDE/plugins/com.st.stm32cube.ide.mcu.externaltools.gnu-tools-for-stm32.11.3.rel1.win32_1.1.1.202309131626/tools/bin/../lib/gcc/arm-none-eabi/11.3.1/../../../../arm-none-eabi/lib/thumb/v7e-m+fp/hard\libc_nano.a(libc_a-exit.o) (__stdio_exit_handler)
C:/ST/STM32CubeIDE_1.13.1/STM32CubeIDE/plugins/com.st.stm32cube.ide.mcu.externaltools.gnu-tools-for-stm32.11.3.rel1.win32_1.1.1.202309131626/tools/bin/../lib/gcc/arm-none-eabi/11.3.1/../../../../arm-none-eabi/lib/thumb/v7e-m+fp/hard\libc_nano.a(libc_a-fwalk.o)
                              C:/ST/STM32CubeIDE_1.13.1/STM32CubeIDE/plugins/com.st.stm32cube.ide.mcu.externaltools.gnu-tools-for-stm32.11.3.rel1.win32_1.1.1.202309131626/tools/bin/../lib/gcc/arm-none-eabi/11.3.1/../../../../arm-none-eabi/lib/thumb/v7e-m+fp/hard\libc_nano.a(libc_a-findfp.o) (_fwalk_sglue)
C:/ST/STM32CubeIDE_1.13.1/STM32CubeIDE/plugins/com.st.stm32cube.ide.mcu.externaltools.gnu-tools-for-stm32.11.3.rel1.win32_1.1.1.202309131626/tools/bin/../lib/gcc/arm-none-eabi/11.3.1/../../../../arm-none-eabi/lib/thumb/v7e-m+fp/hard\libc_nano.a(libc_a-stdio.o)
                              C:/ST/STM32CubeIDE_1.13.1/STM32CubeIDE/plugins/com.st.stm32cube.ide.mcu.externaltools.gnu-tools-for-stm32.11.3.rel1.win32_1.1.1.202309131626/tools/bin/../lib/gcc/arm-none-eabi/11.3.1/../../../../arm-none-eabi/lib/thumb/v7e-m+fp/hard\libc_nano.a(libc_a-findfp.o) (__sread)
C:/ST/STM32CubeIDE_1.13.1/STM32CubeIDE/plugins/com.st.stm32cube.ide.mcu.externaltools.gnu-tools-for-stm32.11.3.rel1.win32_1.1.1.202309131626/tools/bin/../lib/gcc/arm-none-eabi/11.3.1/../../../../arm-none-eabi/lib/thumb/v7e-m+fp/hard\libc_nano.a(libc_a-memset.o)
                              C:/ST/STM32CubeIDE_1.13.1/STM32CubeIDE/plugins/com.st.stm32cube.ide.mcu.externaltools.gnu-tools-for-stm32.11.3.rel1.win32_1.1.1.202309131626/tools/bin/../lib/gcc/arm-none-eabi/11.3.1/../../../../arm-none-eabi/lib/thumb/v7e-m+fp/hard/crt0.o (memset)
C:/ST/STM32CubeIDE_1.13.1/STM32CubeIDE/plugins/com.st.stm32cube.ide.mcu.externaltools.gnu-tools-for-stm32.11.3.rel1.win32_1.1.1.202309131626/tools/bin/../lib/gcc/arm-none-eabi/11.3.1/../../../../arm-none-eabi/lib/thumb/v7e-m+fp/hard\libc_nano.a(libc_a-closer.o)
                              C:/ST/STM32CubeIDE_1.13.1/STM32CubeIDE/plugins/com.st.stm32cube.ide.mcu.externaltools.gnu-tools-for-stm32.11.3.rel1.win32_1.1.1.202309131626/tools/bin/../lib/gcc/arm-none-eabi/11.3.1/../../../../arm-none-eabi/lib/thumb/v7e-m+fp/hard\libc_nano.a(libc_a-stdio.o) (_close_r)
C:/ST/STM32CubeIDE_1.13.1/STM32CubeIDE/plugins/com.st.stm32cube.ide.mcu.externaltools.gnu-tools-for-stm32.11.3.rel1.win32_1.1.1.202309131626/tools/bin/../lib/gcc/arm-none-eabi/11.3.1/../../../../arm-none-eabi/lib/thumb/v7e-m+fp/hard\libc_nano.a(libc_a-reent.o)
                              C:/ST/STM32CubeIDE_1.13.1/STM32CubeIDE/plugins/com.st.stm32cube.ide.mcu.externaltools.gnu-tools-for-stm32.11.3.rel1.win32_1.1.1.202309131626/tools/bin/../lib/gcc/arm-none-eabi/11.3.1/../../../../arm-none-eabi/lib/thumb/v7e-m+fp/hard\libc_nano.a(libc_a-closer.o) (errno)
C:/ST/STM32CubeIDE_1.13.1/STM32CubeIDE/plugins/com.st.stm32cube.ide.mcu.externaltools.gnu-tools-for-stm32.11.3.rel1.win32_1.1.1.202309131626/tools/bin/../lib/gcc/arm-none-eabi/11.3.1/../../../../arm-none-eabi/lib/thumb/v7e-m+fp/hard\libc_nano.a(libc_a-impure.o)
                              C:/ST/STM32CubeIDE_1.13.1/STM32CubeIDE/plugins/com.st.stm32cube.ide.mcu.externaltools.gnu-tools-for-stm32.11.3.rel1.win32_1.1.1.202309131626/tools/bin/../lib/gcc/arm-none-eabi/11.3.1/../../../../arm-none-eabi/lib/thumb/v7e-m+fp/hard\libc_nano.a(libc_a-reent.o) (_impure_ptr)
C:/ST/STM32CubeIDE_1.13.1/STM32CubeIDE/plugins/com.st.stm32cube.ide.mcu.externaltools.gnu-tools-for-stm32.11.3.rel1.win32_1.1.1.202309131626/tools/bin/../lib/gcc/arm-none-eabi/11.3.1/../../../../arm-none-eabi/lib/thumb/v7e-m+fp/hard\libc_nano.a(libc_a-lseekr.o)
[...]
Memory Configuration

Name             Origin             Length             Attributes
RAM              0x0000000020000000 0x0000000000020000 xrw
FLASH            0x0000000008000000 0x0000000000080000 xr
*default*        0x0000000000000000 0xffffffffffffffff

Linker script and memory map

LOAD C:/ST/STM32CubeIDE_1.13.1/STM32CubeIDE/plugins/com.st.stm32cube.ide.mcu.externaltools.gnu-tools-for-stm32.11.3.rel1.win32_1.1.1.202309131626/tools/bin/../lib/gcc/arm-none-eabi/11.3.1/thumb/v7e-m+fp/hard/crti.o
LOAD C:/ST/STM32CubeIDE_1.13.1/STM32CubeIDE/plugins/com.st.stm32cube.ide.mcu.externaltools.gnu-tools-for-stm32.11.3.rel1.win32_1.1.1.202309131626/tools/bin/../lib/gcc/arm-none-eabi/11.3.1/thumb/v7e-m+fp/hard/crtbegin.o
LOAD C:/ST/STM32CubeIDE_1.13.1/STM32CubeIDE/plugins/com.st.stm32cube.ide.mcu.externaltools.gnu-tools-for-stm32.11.3.rel1.win32_1.1.1.202309131626/tools/bin/../lib/gcc/arm-none-eabi/11.3.1/../../../../arm-none-eabi/lib/thumb/v7e-m+fp/hard/crt0.o
LOAD ./Core/STM32_Handheld_Console/display/display_driver.o
LOAD ./Core/STM32_Handheld_Console/input/input_driver.o
LOAD ./Core/Src/main.o
LOAD ./Core/Src/stm32f4xx_hal_msp.o
LOAD ./Core/Src/stm32f4xx_it.o
LOAD ./Core/Src/syscalls.o
LOAD ./Core/Src/sysmem.o
LOAD ./Core/Src/system_stm32f4xx.o
LOAD ./Core/Startup/startup_stm32f411ceux.o
LOAD ./Drivers/STM32F4xx_HAL_Driver/Src/stm32f4xx_hal.o
LOAD ./Drivers/STM32F4xx_HAL_Driver/Src/stm32f4xx_hal_adc.o
LOAD ./Drivers/STM32F4xx_HAL_Driver/Src/stm32f4xx_hal_adc_ex.o
LOAD ./Drivers/STM32F4xx_HAL_Driver/Src/stm32f4xx_hal_cortex.o
LOAD ./Drivers/STM32F4xx_HAL_Driver/Src/stm32f4xx_hal_dma.o
LOAD ./Drivers/STM32F4xx_HAL_Driver/Src/stm32f4xx_hal_dma_ex.o
LOAD ./Drivers/STM32F4xx_HAL_Driver/Src/stm32f4xx_hal_exti.o
LOAD ./Drivers/STM32F4xx_HAL_Driver/Src/stm32f4xx_hal_flash.o
LOAD ./Drivers/STM32F4xx_HAL_Driver/Src/stm32f4xx_hal_flash_ex.o
LOAD ./Drivers/STM32F4xx_HAL_Driver/Src/stm32f4xx_hal_flash_ramfunc.o
LOAD ./Drivers/STM32F4xx_HAL_Driver/Src/stm32f4xx_hal_gpio.o
LOAD ./Drivers/STM32F4xx_HAL_Driver/Src/stm32f4xx_hal_pwr.o
LOAD ./Drivers/STM32F4xx_HAL_Driver/Src/stm32f4xx_hal_pwr_ex.o
LOAD ./Drivers/STM32F4xx_HAL_Driver/Src/stm32f4xx_hal_rcc.o
LOAD ./Drivers/STM32F4xx_HAL_Driver/Src/stm32f4xx_hal_rcc_ex.o
LOAD ./Drivers/STM32F4xx_HAL_Driver/Src/stm32f4xx_hal_spi.o
LOAD ./Drivers/STM32F4xx_HAL_Driver/Src/stm32f4xx_ll_adc.o
LOAD ./FATFS/App/fatfs.o
LOAD ./FATFS/Target/user_diskio.o
LOAD ./FATFS/Target/user_diskio_spi.o
LOAD ./Middlewares/Third_Party/FatFs/src/diskio.o
LOAD ./Middlewares/Third_Party/FatFs/src/ff.o
LOAD ./Middlewares/Third_Party/FatFs/src/ff_gen_drv.o
LOAD ./Middlewares/Third_Party/FatFs/src/option/syscall.o
START GROUP
LOAD C:/ST/STM32CubeIDE_1.13.1/STM32CubeIDE/plugins/com.st.stm32cube.ide.mcu.externaltools.gnu-tools-for-stm32.11.3.rel1.win32_1.1.1.202309131626/tools/bin/../lib/gcc/arm-none-eabi/11.3.1/../../../../arm-none-eabi/lib/thumb/v7e-m+fp/hard\libc_nano.a
LOAD C:/ST/STM32CubeIDE_1.13.1/STM32CubeIDE/plugins/com.st.stm32cube.ide.mcu.externaltools.gnu-tools-for-stm32.11.3.rel1.win32_1.1.1.202309131626/tools/bin/../lib/gcc/arm-none-eabi/11.3.1/../../../../arm-none-eabi/lib/thumb/v7e-m+fp/hard\libm.a
END GROUP
START GROUP
LOAD C:/ST/STM32CubeIDE_1.13.1/STM32CubeIDE/plugins/com.st.stm32cube.ide.mcu.externaltools.gnu-tools-for-stm32.11.3.rel1.win32_1.1.1.202309131626/tools/bin/../lib/gcc/arm-none-eabi/11.3.1/thumb/v7e-m+fp/hard\libgcc.a
LOAD C:/ST/STM32CubeIDE_1.13.1/STM32CubeIDE/plugins/com.st.stm32cube.ide.mcu.externaltools.gnu-tools-for-stm32.11.3.rel1.win32_1.1.1.202309131626/tools/bin/../lib/gcc/arm-none-eabi/11.3.1/../../../../arm-none-eabi/lib/thumb/v7e-m+fp/hard\libc_nano.a
END GROUP
START GROUP
LOAD C:/ST/STM32CubeIDE_1.13.1/STM32CubeIDE/plugins/com.st.stm32cube.ide.mcu.externaltools.gnu-tools-for-stm32.11.3.rel1.win32_1.1.1.202309131626/tools/bin/../lib/gcc/arm-none-eabi/11.3.1/thumb/v7e-m+fp/hard\libgcc.a
LOAD C:/ST/STM32CubeIDE_1.13.1/STM32CubeIDE/plugins/com.st.stm32cube.ide.mcu.externaltools.gnu-tools-for-stm32.11.3.rel1.win32_1.1.1.202309131626/tools/bin/../lib/gcc/arm-none-eabi/11.3.1/../../../../arm-none-eabi/lib/thumb/v7e-m+fp/hard\libc_nano.a
LOAD C:/ST/STM32CubeIDE_1.13.1/STM32CubeIDE/plugins/com.st.stm32cube.ide.mcu.externaltools.gnu-tools-for-stm32.11.3.rel1.win32_1.1.1.202309131626/tools/bin/../lib/gcc/arm-none-eabi/11.3.1/../../../../arm-none-eabi/lib/thumb/v7e-m+fp/hard\libnosys.a
END GROUP
START GROUP
LOAD C:/ST/STM32CubeIDE_1.13.1/STM32CubeIDE/plugins/com.st.stm32cube.ide.mcu.externaltools.gnu-tools-for-stm32.11.3.rel1.win32_1.1.1.202309131626/tools/bin/../lib/gcc/arm-none-eabi/11.3.1/thumb/v7e-m+fp/hard\libgcc.a
LOAD C:/ST/STM32CubeIDE_1.13.1/STM32CubeIDE/plugins/com.st.stm32cube.ide.mcu.externaltools.gnu-tools-for-stm32.11.3.rel1.win32_1.1.1.202309131626/tools/bin/../lib/gcc/arm-none-eabi/11.3.1/../../../../arm-none-eabi/lib/thumb/v7e-m+fp/hard\libc_nano.a
LOAD C:/ST/STM32CubeIDE_1.13.1/STM32CubeIDE/plugins/com.st.stm32cube.ide.mcu.externaltools.gnu-tools-for-stm32.11.3.rel1.win32_1.1.1.202309131626/tools/bin/../lib/gcc/arm-none-eabi/11.3.1/../../../../arm-none-eabi/lib/thumb/v7e-m+fp/hard\libnosys.a
END GROUP
LOAD C:/ST/STM32CubeIDE_1.13.1/STM32CubeIDE/plugins/com.st.stm32cube.ide.mcu.externaltools.gnu-tools-for-stm32.11.3.rel1.win32_1.1.1.202309131626/tools/bin/../lib/gcc/arm-none-eabi/11.3.1/thumb/v7e-m+fp/hard/crtend.o
LOAD C:/ST/STM32CubeIDE_1.13.1/STM32CubeIDE/plugins/com.st.stm32cube.ide.mcu.externaltools.gnu-tools-for-stm32.11.3.rel1.win32_1.1.1.202309131626/tools/bin/../lib/gcc/arm-none-eabi/11.3.1/thumb/v7e-m+fp/hard/crtn.o
                0x0000000020020000                _estack = (ORIGIN (RAM) + LENGTH (RAM))
                0x0000000000000200                _Min_Heap_Size = 0x200
                0x0000000000000400                _Min_Stack_Size = 0x400

.isr_vector     0x0000000008000000      0x198
                0x0000000008000000                . = ALIGN (0x4)
 *(.isr_vector)
 .isr_vector    0x0000000008000000      0x198 ./Core/Startup/startup_stm32f411ceux.o
                0x0000000008000000                g_pfnVectors
                0x0000000008000198                . = ALIGN (0x4)

.text           0x0000000008000198     0x41e4
                0x0000000008000198                . = ALIGN (0x4)
 *(.text)
 .text          0x0000000008000198       0x40 C:/ST/STM32CubeIDE_1.13.1/STM32CubeIDE/plugins/com.st.stm32cube.ide.mcu.externaltools.gnu-tools-for-stm32.11.3.rel1.win32_1.1.1.202309131626/tools/bin/../lib/gcc/arm-none-eabi/11.3.1/thumb/v7e-m+fp/hard/crtbegin.o
 .text          0x00000000080001d8       0x30 C:/ST/STM32CubeIDE_1.13.1/STM32CubeIDE/plugins/com.st.stm32cube.ide.mcu.externaltools.gnu-tools-for-stm32.11.3.rel1.win32_1.1.1.202309131626/tools/bin/../lib/gcc/arm-none-eabi/11.3.1/thumb/v7e-m+fp/hard\libgcc.a(_aeabi_uldivmod.o)
                0x00000000080001d8                __aeabi_uldivmod
 .text          0x0000000008000208      0x2c8 C:/ST/STM32CubeIDE_1.13.1/STM32CubeIDE/plugins/com.st.stm32cube.ide.mcu.externaltools.gnu-tools-for-stm32.11.3.rel1.win32_1.1.1.202309131626/tools/bin/../lib/gcc/arm-none-eabi/11.3.1/thumb/v7e-m+fp/hard\libgcc.a(_udivmoddi4.o)
                0x0000000008000208                __udivmoddi4
 .text          0x00000000080004d0        0x4 C:/ST/STM32CubeIDE_1.13.1/STM32CubeIDE/plugins/com.st.stm32cube.ide.mcu.externaltools.gnu-tools-for-stm32.11.3.rel1.win32_1.1.1.202309131626/tools/bin/../lib/gcc/arm-none-eabi/11.3.1/thumb/v7e-m+fp/hard\libgcc.a(_dvmd_tls.o)
                0x00000000080004d0                __aeabi_idiv0
                0x00000000080004d0                __aeabi_ldiv0
 *(.text*)
 .text.draw_pixel
                0x00000000080004d4       0x60 ./Core/STM32_Handheld_Console/display/display_driver.o
                0x00000000080004d4                draw_pixel
 .text.clear_screen
                0x0000000008000534       0x18 ./Core/STM32_Handheld_Console/display/display_driver.o
                0x0000000008000534                clear_screen
 .text.init_ili9486l
                0x000000000800054c      0xd48 ./Core/STM32_Handheld_Console/display/display_driver.o
                0x000000000800054c                init_ili9486l
 .text.init_display
                0x0000000008001294       0x24 ./Core/STM32_Handheld_Console/display/display_driver.o
                0x0000000008001294                init_display
 .text.update_display
                0x00000000080012b8      0x40c ./Core/STM32_Handheld_Console/display/display_driver.o
                0x00000000080012b8                update_display
 .text.main     0x00000000080016c4       0x70 ./Core/Src/main.o
                0x00000000080016c4                main
 .text.SystemClock_Config
                0x0000000008001734       0xd0 ./Core/Src/main.o
                0x0000000008001734                SystemClock_Config
 .text.MX_ADC1_Init
                0x0000000008001804       0xa4 ./Core/Src/main.o
 .text.MX_SPI1_Init
                0x00000000080018a8       0x6c ./Core/Src/main.o
 .text.MX_GPIO_Init
                0x0000000008001914       0xd4 ./Core/Src/main.o
 .text.Error_Handler
                0x00000000080019e8        0xa ./Core/Src/main.o
                0x00000000080019e8                Error_Handler
 *fill*         0x00000000080019f2        0x2 
 .text.HAL_MspInit
                0x00000000080019f4       0x50 ./Core/Src/stm32f4xx_hal_msp.o
                0x00000000080019f4                HAL_MspInit
 .text.HAL_ADC_MspInit
                0x0000000008001a44       0x88 ./Core/Src/stm32f4xx_hal_msp.o
                0x0000000008001a44                HAL_ADC_MspInit
 .text.HAL_SPI_MspInit
                0x0000000008001acc       0x90 ./Core/Src/stm32f4xx_hal_msp.o
                0x0000000008001acc                HAL_SPI_MspInit
 .text.NMI_Handler
                0x0000000008001b5c        0x6 ./Core/Src/stm32f4xx_it.o
                0x0000000008001b5c                NMI_Handler
 .text.HardFault_Handler
                0x0000000008001b62        0x6 ./Core/Src/stm32f4xx_it.o
                0x0000000008001b62                HardFault_Handler
 .text.MemManage_Handler
                0x0000000008001b68        0x6 ./Core/Src/stm32f4xx_it.o
                0x0000000008001b68                MemManage_Handler
 .text.BusFault_Handler
                0x0000000008001b6e        0x6 ./Core/Src/stm32f4xx_it.o
                0x0000000008001b6e                BusFault_Handler
 .text.UsageFault_Handler
                0x0000000008001b74        0x6 ./Core/Src/stm32f4xx_it.o
                0x0000000008001b74                UsageFault_Handler
 .text.SVC_Handler
                0x0000000008001b7a        0xe ./Core/Src/stm32f4xx_it.o
                0x0000000008001b7a                SVC_Handler
 .text.DebugMon_Handler
                0x0000000008001b88        0xe ./Core/Src/stm32f4xx_it.o
                0x0000000008001b88                DebugMon_Handler
 .text.PendSV_Handler
                0x0000000008001b96        0xe ./Core/Src/stm32f4xx_it.o
                0x0000000008001b96                PendSV_Handler
 .text.SysTick_Handler
                0x0000000008001ba4        0xc ./Core/Src/stm32f4xx_it.o
                0x0000000008001ba4                SysTick_Handler
 .text.SystemInit
                0x0000000008001bb0       0x24 ./Core/Src/system_stm32f4xx.o
                0x0000000008001bb0                SystemInit
 .text.Reset_Handler
                0x0000000008001bd4       0x50 ./Core/Startup/startup_stm32f411ceux.o
                0x0000000008001bd4                Reset_Handler
 .text.Default_Handler
                0x0000000008001c24        0x2 ./Core/Startup/startup_stm32f411ceux.o
                0x0000000008001c24                RTC_Alarm_IRQHandler
                0x0000000008001c24                EXTI2_IRQHandler
                0x0000000008001c24                SPI4_IRQHandler
                0x0000000008001c24                TIM1_CC_IRQHandler
                0x0000000008001c24                DMA2_Stream5_IRQHandler
                0x0000000008001c24                DMA1_Stream5_IRQHandler
                0x0000000008001c24                PVD_IRQHandler
                0x0000000008001c24                SDIO_IRQHandler
                0x0000000008001c24                TAMP_STAMP_IRQHandler
                0x0000000008001c24                EXTI3_IRQHandler
                0x0000000008001c24                TIM1_UP_TIM10_IRQHandler
                0x0000000008001c24                I2C3_ER_IRQHandler
                0x0000000008001c24                EXTI0_IRQHandler
                0x0000000008001c24                I2C2_EV_IRQHandler
                0x0000000008001c24                DMA1_Stream2_IRQHandler
                0x0000000008001c24                FPU_IRQHandler
                0x0000000008001c24                DMA2_Stream2_IRQHandler
                0x0000000008001c24                SPI1_IRQHandler
                0x0000000008001c24                TIM1_BRK_TIM9_IRQHandler
                0x0000000008001c24                DMA2_Stream3_IRQHandler
                0x0000000008001c24                USART6_IRQHandler
                0x0000000008001c24                DMA2_Stream0_IRQHandler
                0x0000000008001c24                TIM4_IRQHandler
                0x0000000008001c24                I2C1_EV_IRQHandler
                0x0000000008001c24                DMA1_Stream6_IRQHandler
                0x0000000008001c24                DMA1_Stream1_IRQHandler
                0x0000000008001c24                TIM3_IRQHandler
                0x0000000008001c24                RCC_IRQHandler
                0x0000000008001c24                Default_Handler
                0x0000000008001c24                EXTI15_10_IRQHandler
                0x0000000008001c24                ADC_IRQHandler
                0x0000000008001c24                DMA1_Stream7_IRQHandler
                0x0000000008001c24                SPI5_IRQHandler
                0x0000000008001c24                TIM5_IRQHandler
                0x0000000008001c24                DMA2_Stream7_IRQHandler
                0x0000000008001c24                I2C3_EV_IRQHandler
                0x0000000008001c24                EXTI9_5_IRQHandler
                0x0000000008001c24                RTC_WKUP_IRQHandler
                0x0000000008001c24                SPI2_IRQHandler
                0x0000000008001c24                DMA1_Stream0_IRQHandler
                0x0000000008001c24                EXTI4_IRQHandler
                0x0000000008001c24                WWDG_IRQHandler
                0x0000000008001c24                TIM2_IRQHandler
                0x0000000008001c24                OTG_FS_WKUP_IRQHandler
                0x0000000008001c24                TIM1_TRG_COM_TIM11_IRQHandler
                0x0000000008001c24                EXTI1_IRQHandler
                0x0000000008001c24                USART2_IRQHandler
                0x0000000008001c24                I2C2_ER_IRQHandler
                0x0000000008001c24                DMA2_Stream1_IRQHandler
                0x0000000008001c24                FLASH_IRQHandler
                0x0000000008001c24                DMA2_Stream4_IRQHandler
                0x0000000008001c24                USART1_IRQHandler
                0x0000000008001c24                OTG_FS_IRQHandler
                0x0000000008001c24                SPI3_IRQHandler
                0x0000000008001c24                DMA1_Stream4_IRQHandler
                0x0000000008001c24                I2C1_ER_IRQHandler
                0x0000000008001c24                DMA2_Stream6_IRQHandler
                0x0000000008001c24                DMA1_Stream3_IRQHandler
 *fill*         0x0000000008001c26        0x2 
 .text.HAL_Init
                0x0000000008001c28       0x44 ./Drivers/STM32F4xx_HAL_Driver/Src/stm32f4xx_hal.o
                0x0000000008001c28                HAL_Init
 .text.HAL_InitTick
                0x0000000008001c6c       0x60 ./Drivers/STM32F4xx_HAL_Driver/Src/stm32f4xx_hal.o
                0x0000000008001c6c                HAL_InitTick
 .text.HAL_IncTick
                0x0000000008001ccc       0x28 ./Drivers/STM32F4xx_HAL_Driver/Src/stm32f4xx_hal.o
                0x0000000008001ccc                HAL_IncTick
 .text.HAL_GetTick
                0x0000000008001cf4       0x18 ./Drivers/STM32F4xx_HAL_Driver/Src/stm32f4xx_hal.o
                0x0000000008001cf4                HAL_GetTick
 .text.HAL_Delay
                0x0000000008001d0c       0x48 ./Drivers/STM32F4xx_HAL_Driver/Src/stm32f4xx_hal.o
                0x0000000008001d0c                HAL_Delay
 .text.HAL_ADC_Init
                0x0000000008001d54       0x86 ./Drivers/STM32F4xx_HAL_Driver/Src/stm32f4xx_hal_adc.o
                0x0000000008001d54                HAL_ADC_Init
 *fill*         0x0000000008001dda        0x2 
 .text.HAL_ADC_ConfigChannel
                0x0000000008001ddc      0x264 ./Drivers/STM32F4xx_HAL_Driver/Src/stm32f4xx_hal_adc.o
                0x0000000008001ddc                HAL_ADC_ConfigChannel
 .text.ADC_Init
                0x0000000008002040      0x1f8 ./Drivers/STM32F4xx_HAL_Driver/Src/stm32f4xx_hal_adc.o
 .text.__NVIC_SetPriorityGrouping
                0x0000000008002238       0x48 ./Drivers/STM32F4xx_HAL_Driver/Src/stm32f4xx_hal_cortex.o
 .text.__NVIC_GetPriorityGrouping
                0x0000000008002280       0x1c ./Drivers/STM32F4xx_HAL_Driver/Src/stm32f4xx_hal_cortex.o
 .text.__NVIC_SetPriority
                0x000000000800229c       0x54 ./Drivers/STM32F4xx_HAL_Driver/Src/stm32f4xx_hal_cortex.o
 .text.NVIC_EncodePriority
                0x00000000080022f0       0x66 ./Drivers/STM32F4xx_HAL_Driver/Src/stm32f4xx_hal_cortex.o
 *fill*         0x0000000008002356        0x2 
 .text.SysTick_Config
                0x0000000008002358       0x44 ./Drivers/STM32F4xx_HAL_Driver/Src/stm32f4xx_hal_cortex.o
 .text.HAL_NVIC_SetPriorityGrouping
                0x000000000800239c       0x16 ./Drivers/STM32F4xx_HAL_Driver/Src/stm32f4xx_hal_cortex.o
                0x000000000800239c                HAL_NVIC_SetPriorityGrouping
 .text.HAL_NVIC_SetPriority
                0x00000000080023b2       0x38 ./Drivers/STM32F4xx_HAL_Driver/Src/stm32f4xx_hal_cortex.o
                0x00000000080023b2                HAL_NVIC_SetPriority
 .text.HAL_SYSTICK_Config
                0x00000000080023ea       0x18 ./Drivers/STM32F4xx_HAL_Driver/Src/stm32f4xx_hal_cortex.o
                0x00000000080023ea                HAL_SYSTICK_Config
 *fill*         0x0000000008002402        0x2 
 .text.HAL_GPIO_Init
                0x0000000008002404      0x308 ./Drivers/STM32F4xx_HAL_Driver/Src/stm32f4xx_hal_gpio.o
                0x0000000008002404                HAL_GPIO_Init
 .text.HAL_GPIO_WritePin
                0x000000000800270c       0x32 ./Drivers/STM32F4xx_HAL_Driver/Src/stm32f4xx_hal_gpio.o
                0x000000000800270c                HAL_GPIO_WritePin
 *fill*         0x000000000800273e        0x2 
 .text.HAL_RCC_OscConfig
                0x0000000008002740      0x4f0 ./Drivers/STM32F4xx_HAL_Driver/Src/stm32f4xx_hal_rcc.o
                0x0000000008002740                HAL_RCC_OscConfig
 .text.HAL_RCC_ClockConfig
                0x0000000008002c30      0x1cc ./Drivers/STM32F4xx_HAL_Driver/Src/stm32f4xx_hal_rcc.o
                0x0000000008002c30                HAL_RCC_ClockConfig
 .text.HAL_RCC_GetSysClockFreq
                0x0000000008002dfc      0x18c ./Drivers/STM32F4xx_HAL_Driver/Src/stm32f4xx_hal_rcc.o
                0x0000000008002dfc                HAL_RCC_GetSysClockFreq
 .text.HAL_SPI_Init
                0x0000000008002f88      0x112 ./Drivers/STM32F4xx_HAL_Driver/Src/stm32f4xx_hal_spi.o
                0x0000000008002f88                HAL_SPI_Init
 .text.HAL_SPI_Transmit
                0x000000000800309a      0x278 ./Drivers/STM32F4xx_HAL_Driver/Src/stm32f4xx_hal_spi.o
                0x000000000800309a                HAL_SPI_Transmit
 .text.HAL_SPI_TransmitReceive
                0x0000000008003312      0x344 ./Drivers/STM32F4xx_HAL_Driver/Src/stm32f4xx_hal_spi.o
                0x0000000008003312                HAL_SPI_TransmitReceive
 *fill*         0x0000000008003656        0x2 
 .text.SPI_WaitFlagStateUntilTimeout
                0x0000000008003658      0x110 ./Drivers/STM32F4xx_HAL_Driver/Src/stm32f4xx_hal_spi.o
 .text.SPI_EndRxTxTransaction
                0x0000000008003768       0x84 ./Drivers/STM32F4xx_HAL_Driver/Src/stm32f4xx_hal_spi.o
 .text.MX_FATFS_Init
                0x00000000080037ec       0x24 ./FATFS/App/fatfs.o
                0x00000000080037ec                MX_FATFS_Init
 .text.USER_initialize
                0x0000000008003810       0x1c ./FATFS/Target/user_diskio.o
                0x0000000008003810                USER_initialize
 .text.USER_status
                0x000000000800382c       0x1c ./FATFS/Target/user_diskio.o
                0x000000000800382c                USER_status
 .text.USER_read
                0x0000000008003848       0x26 ./FATFS/Target/user_diskio.o
                0x0000000008003848                USER_read
 .text.USER_write
                0x000000000800386e       0x26 ./FATFS/Target/user_diskio.o
                0x000000000800386e                USER_write
 .text.USER_ioctl
                0x0000000008003894       0x26 ./FATFS/Target/user_diskio.o
                0x0000000008003894                USER_ioctl
 *fill*         0x00000000080038ba        0x2 
 .text.SPI_Timer_On
                0x00000000080038bc       0x28 ./FATFS/Target/user_diskio_spi.o
                0x00000000080038bc                SPI_Timer_On
 .text.SPI_Timer_Status
                0x00000000080038e4       0x2c ./FATFS/Target/user_diskio_spi.o
                0x00000000080038e4                SPI_Timer_Status
 .text.xchg_spi
                0x0000000008003910       0x2c ./FATFS/Target/user_diskio_spi.o
 .text.rcvr_spi_multi
                0x000000000800393c       0x38 ./FATFS/Target/user_diskio_spi.o
 .text.xmit_spi_multi
                0x0000000008003974       0x28 ./FATFS/Target/user_diskio_spi.o
 .text.wait_ready
                0x000000000800399c       0x46 ./FATFS/Target/user_diskio_spi.o
 .text.despiselect
                0x00000000080039e2        0xe ./FATFS/Target/user_diskio_spi.o
 .text.spiselect
                0x00000000080039f0       0x26 ./FATFS/Target/user_diskio_spi.o
 .text.rcvr_datablock
                0x0000000008003a16       0x52 ./FATFS/Target/user_diskio_spi.o
 .text.xmit_datablock
                0x0000000008003a68       0x64 ./FATFS/Target/user_diskio_spi.o
 .text.send_cmd
                0x0000000008003acc       0xde ./FATFS/Target/user_diskio_spi.o
 *fill*         0x0000000008003baa        0x2 
 .text.USER_SPI_initialize
                0x0000000008003bac      0x1d8 ./FATFS/Target/user_diskio_spi.o
                0x0000000008003bac                USER_SPI_initialize
 .text.USER_SPI_status
                0x0000000008003d84       0x2c ./FATFS/Target/user_diskio_spi.o
                0x0000000008003d84                USER_SPI_status
 .text.USER_SPI_read
                0x0000000008003db0       0xcc ./FATFS/Target/user_diskio_spi.o
                0x0000000008003db0                USER_SPI_read
 .text.USER_SPI_write
                0x0000000008003e7c       0xf8 ./FATFS/Target/user_diskio_spi.o
                0x0000000008003e7c                USER_SPI_write
 .text.USER_SPI_ioctl
                0x0000000008003f74      0x2e0 ./FATFS/Target/user_diskio_spi.o
                0x0000000008003f74                USER_SPI_ioctl
 .text.FATFS_LinkDriverEx
                0x0000000008004254       0x98 ./Middlewares/Third_Party/FatFs/src/ff_gen_drv.o
                0x0000000008004254                FATFS_LinkDriverEx
 .text.FATFS_LinkDriver
                0x00000000080042ec       0x1e ./Middlewares/Third_Party/FatFs/src/ff_gen_drv.o
                0x00000000080042ec                FATFS_LinkDriver
 .text.memset   0x000000000800430a       0x10 C:/ST/STM32CubeIDE_1.13.1/STM32CubeIDE/plugins/com.st.stm32cube.ide.mcu.externaltools.gnu-tools-for-stm32.11.3.rel1.win32_1.1.1.202309131626/tools/bin/../lib/gcc/arm-none-eabi/11.3.1/../../../../arm-none-eabi/lib/thumb/v7e-m+fp/hard\libc_nano.a(libc_a-memset.o)
                0x000000000800430a                memset
 *fill*         0x000000000800431a        0x2 
 .text.__libc_init_array
                0x000000000800431c       0x48 C:/ST/STM32CubeIDE_1.13.1/STM32CubeIDE/plugins/com.st.stm32cube.ide.mcu.externaltools.gnu-tools-for-stm32.11.3.rel1.win32_1.1.1.202309131626/tools/bin/../lib/gcc/arm-none-eabi/11.3.1/../../../../arm-none-eabi/lib/thumb/v7e-m+fp/hard\libc_nano.a(libc_a-init.o)
                0x000000000800431c                __libc_init_array
 *(.glue_7)
 .glue_7        0x0000000008004364        0x0 linker stubs
 *(.glue_7t)
 .glue_7t       0x0000000008004364        0x0 linker stubs
 *(.eh_frame)
 .eh_frame      0x0000000008004364        0x0 C:/ST/STM32CubeIDE_1.13.1/STM32CubeIDE/plugins/com.st.stm32cube.ide.mcu.externaltools.gnu-tools-for-stm32.11.3.rel1.win32_1.1.1.202309131626/tools/bin/../lib/gcc/arm-none-eabi/11.3.1/thumb/v7e-m+fp/hard/crtbegin.o
 *(.init)
 .init          0x0000000008004364        0x4 C:/ST/STM32CubeIDE_1.13.1/STM32CubeIDE/plugins/com.st.stm32cube.ide.mcu.externaltools.gnu-tools-for-stm32.11.3.rel1.win32_1.1.1.202309131626/tools/bin/../lib/gcc/arm-none-eabi/11.3.1/thumb/v7e-m+fp/hard/crti.o
                0x0000000008004364                _init
 .init          0x0000000008004368        0x8 C:/ST/STM32CubeIDE_1.13.1/STM32CubeIDE/plugins/com.st.stm32cube.ide.mcu.externaltools.gnu-tools-for-stm32.11.3.rel1.win32_1.1.1.202309131626/tools/bin/../lib/gcc/arm-none-eabi/11.3.1/thumb/v7e-m+fp/hard/crtn.o
 *(.fini)
 .fini          0x0000000008004370        0x4 C:/ST/STM32CubeIDE_1.13.1/STM32CubeIDE/plugins/com.st.stm32cube.ide.mcu.externaltools.gnu-tools-for-stm32.11.3.rel1.win32_1.1.1.202309131626/tools/bin/../lib/gcc/arm-none-eabi/11.3.1/thumb/v7e-m+fp/hard/crti.o
                0x0000000008004370                _fini
 .fini          0x0000000008004374        0x8 C:/ST/STM32CubeIDE_1.13.1/STM32CubeIDE/plugins/com.st.stm32cube.ide.mcu.externaltools.gnu-tools-for-stm32.11.3.rel1.win32_1.1.1.202309131626/tools/bin/../lib/gcc/arm-none-eabi/11.3.1/thumb/v7e-m+fp/hard/crtn.o
                0x000000000800437c                . = ALIGN (0x4)
                0x000000000800437c                _etext = .

.vfp11_veneer   0x000000000800437c        0x0
 .vfp11_veneer  0x000000000800437c        0x0 linker stubs

.v4_bx          0x000000000800437c        0x0
 .v4_bx         0x000000000800437c        0x0 linker stubs

.iplt           0x000000000800437c        0x0
 .iplt          0x000000000800437c        0x0 C:/ST/STM32CubeIDE_1.13.1/STM32CubeIDE/plugins/com.st.stm32cube.ide.mcu.externaltools.gnu-tools-for-stm32.11.3.rel1.win32_1.1.1.202309131626/tools/bin/../lib/gcc/arm-none-eabi/11.3.1/thumb/v7e-m+fp/hard/crtbegin.o

.rodata         0x000000000800437c      0x210
                0x000000000800437c                . = ALIGN (0x4)
 *(.rodata)
 *(.rodata*)
 .rodata.rgb332_to_rgb565
                0x000000000800437c      0x200 ./Core/STM32_Handheld_Console/display/display_driver.o
                0x000000000800437c                rgb332_to_rgb565
 .rodata.AHBPrescTable
                0x000000000800457c       0x10 ./Core/Src/system_stm32f4xx.o
                0x000000000800457c                AHBPrescTable
                0x000000000800458c                . = ALIGN (0x4)

.ARM.extab      0x000000000800458c        0x0
                0x000000000800458c                . = ALIGN (0x4)
 *(.ARM.extab* .gnu.linkonce.armextab.*)
                0x000000000800458c                . = ALIGN (0x4)

.ARM            0x000000000800458c        0x8
                0x000000000800458c                . = ALIGN (0x4)
                0x000000000800458c                __exidx_start = .
 *(.ARM.exidx*)
 .ARM.exidx     0x000000000800458c        0x8 C:/ST/STM32CubeIDE_1.13.1/STM32CubeIDE/plugins/com.st.stm32cube.ide.mcu.externaltools.gnu-tools-for-stm32.11.3.rel1.win32_1.1.1.202309131626/tools/bin/../lib/gcc/arm-none-eabi/11.3.1/thumb/v7e-m+fp/hard\libgcc.a(_udivmoddi4.o)
                0x0000000008004594                __exidx_end = .
                0x0000000008004594                . = ALIGN (0x4)

.rel.dyn        0x0000000008004594        0x0
 .rel.iplt      0x0000000008004594        0x0 C:/ST/STM32CubeIDE_1.13.1/STM32CubeIDE/plugins/com.st.stm32cube.ide.mcu.externaltools.gnu-tools-for-stm32.11.3.rel1.win32_1.1.1.202309131626/tools/bin/../lib/gcc/arm-none-eabi/11.3.1/thumb/v7e-m+fp/hard/crtbegin.o

.preinit_array  0x0000000008004594        0x0
                0x0000000008004594                . = ALIGN (0x4)
                0x0000000008004594                PROVIDE (__preinit_array_start = .)
 *(.preinit_array*)
                0x0000000008004594                PROVIDE (__preinit_array_end = .)
                0x0000000008004594                . = ALIGN (0x4)

.init_array     0x0000000008004594        0x4
                0x0000000008004594                . = ALIGN (0x4)
                0x0000000008004594                PROVIDE (__init_array_start = .)
 *(SORT_BY_NAME(.init_array.*))
 *(.init_array*)
 .init_array    0x0000000008004594        0x4 C:/ST/STM32CubeIDE_1.13.1/STM32CubeIDE/plugins/com.st.stm32cube.ide.mcu.externaltools.gnu-tools-for-stm32.11.3.rel1.win32_1.1.1.202309131626/tools/bin/../lib/gcc/arm-none-eabi/11.3.1/thumb/v7e-m+fp/hard/crtbegin.o
                0x0000000008004598                PROVIDE (__init_array_end = .)
                0x0000000008004598                . = ALIGN (0x4)

.fini_array     0x0000000008004598        0x4
                0x0000000008004598                . = ALIGN (0x4)
                [!provide]                        PROVIDE (__fini_array_start = .)
 *(SORT_BY_NAME(.fini_array.*))
 *(.fini_array*)
 .fini_array    0x0000000008004598        0x4 C:/ST/STM32CubeIDE_1.13.1/STM32CubeIDE/plugins/com.st.stm32cube.ide.mcu.externaltools.gnu-tools-for-stm32.11.3.rel1.win32_1.1.1.202309131626/tools/bin/../lib/gcc/arm-none-eabi/11.3.1/thumb/v7e-m+fp/hard/crtbegin.o
                [!provide]                        PROVIDE (__fini_array_end = .)
                0x000000000800459c                . = ALIGN (0x4)
                0x000000000800459c                _sidata = LOADADDR (.data)

.data           0x0000000020000000       0x24 load address 0x000000000800459c
                0x0000000020000000                . = ALIGN (0x4)
                0x0000000020000000                _sdata = .
 *(.data)
 *(.data*)
 .data.SystemCoreClock
                0x0000000020000000        0x4 ./Core/Src/system_stm32f4xx.o
                0x0000000020000000                SystemCoreClock
 .data.uwTickPrio
                0x0000000020000004        0x4 ./Drivers/STM32F4xx_HAL_Driver/Src/stm32f4xx_hal.o
                0x0000000020000004                uwTickPrio
 .data.uwTickFreq
                0x0000000020000008        0x1 ./Drivers/STM32F4xx_HAL_Driver/Src/stm32f4xx_hal.o
                0x0000000020000008                uwTickFreq
 *fill*         0x0000000020000009        0x3 
 .data.USER_Driver
                0x000000002000000c       0x14 ./FATFS/Target/user_diskio.o
                0x000000002000000c                USER_Driver
 .data.Stat     0x0000000020000020        0x1 ./FATFS/Target/user_diskio_spi.o
 *(.RamFunc)
 *(.RamFunc*)
                0x0000000020000024                . = ALIGN (0x4)
 *fill*         0x0000000020000021        0x3 
                0x0000000020000024                _edata = .

.igot.plt       0x0000000020000024        0x0 load address 0x00000000080045c0
 .igot.plt      0x0000000020000024        0x0 C:/ST/STM32CubeIDE_1.13.1/STM32CubeIDE/plugins/com.st.stm32cube.ide.mcu.externaltools.gnu-tools-for-stm32.11.3.rel1.win32_1.1.1.202309131626/tools/bin/../lib/gcc/arm-none-eabi/11.3.1/thumb/v7e-m+fp/hard/crtbegin.o
                0x0000000020000024                . = ALIGN (0x4)

.bss            0x0000000020000024     0x96e0 load address 0x00000000080045c0
                0x0000000020000024                _sbss = .
                0x0000000020000024                __bss_start__ = _sbss
 *(.bss)
 .bss           0x0000000020000024       0x1c C:/ST/STM32CubeIDE_1.13.1/STM32CubeIDE/plugins/com.st.stm32cube.ide.mcu.externaltools.gnu-tools-for-stm32.11.3.rel1.win32_1.1.1.202309131626/tools/bin/../lib/gcc/arm-none-eabi/11.3.1/thumb/v7e-m+fp/hard/crtbegin.o
 *(.bss*)
 .bss.vram      0x0000000020000040     0x9600 ./Core/STM32_Handheld_Console/display/display_driver.o
                0x0000000020000040                vram
 .bss.hadc1     0x0000000020009640       0x48 ./Core/Src/main.o
                0x0000000020009640                hadc1
 .bss.hspi1     0x0000000020009688       0x58 ./Core/Src/main.o
                0x0000000020009688                hspi1
 .bss.uwTick    0x00000000200096e0        0x4 ./Drivers/STM32F4xx_HAL_Driver/Src/stm32f4xx_hal.o
                0x00000000200096e0                uwTick
 .bss.retUSER   0x00000000200096e4        0x1 ./FATFS/App/fatfs.o
                0x00000000200096e4                retUSER
 *fill*         0x00000000200096e5        0x3 
 .bss.USERPath  0x00000000200096e8        0x4 ./FATFS/App/fatfs.o
                0x00000000200096e8                USERPath
 .bss.CardType  0x00000000200096ec        0x1 ./FATFS/Target/user_diskio_spi.o
 *fill*         0x00000000200096ed        0x3 
 .bss.spiTimerTickStart
                0x00000000200096f0        0x4 ./FATFS/Target/user_diskio_spi.o
                0x00000000200096f0                spiTimerTickStart
 .bss.spiTimerTickDelay
                0x00000000200096f4        0x4 ./FATFS/Target/user_diskio_spi.o
                0x00000000200096f4                spiTimerTickDelay
 .bss.disk      0x00000000200096f8        0xc ./Middlewares/Third_Party/FatFs/src/ff_gen_drv.o
                0x00000000200096f8                disk
 *(COMMON)
                0x0000000020009704                . = ALIGN (0x4)
                0x0000000020009704                _ebss = .
                0x0000000020009704                __bss_end__ = _ebss

._user_heap_stack
                0x0000000020009704      0x604 load address 0x00000000080045c0
                0x0000000020009708                . = ALIGN (0x8)
 *fill*         0x0000000020009704        0x4 
                [!provide]                        PROVIDE (end = .)
                0x0000000020009708                PROVIDE (_end = .)
                0x0000000020009908                . = (. + _Min_Heap_Size)
 *fill*         0x0000000020009708      0x200 
                0x0000000020009d08                . = (. + _Min_Stack_Size)
 *fill*         0x0000000020009908      0x400 
                0x0000000020009d08                . = ALIGN (0x8)

/DISCARD/
 libc.a(*)
 libm.a(*)
 libgcc.a(*)

.ARM.attributes
                0x0000000000000000       0x30
 *(.ARM.attributes)
 .ARM.attributes
                0x0000000000000000       0x1e C:/ST/STM32CubeIDE_1.13.1/STM32CubeIDE/plugins/com.st.stm32cube.ide.mcu.externaltools.gnu-tools-for-stm32.11.3.rel1.win32_1.1.1.202309131626/tools/bin/../lib/gcc/arm-none-eabi/11.3.1/thumb/v7e-m+fp/hard/crti.o
 .ARM.attributes
                0x000000000000001e       0x34 C:/ST/STM32CubeIDE_1.13.1/STM32CubeIDE/plugins/com.st.stm32cube.ide.mcu.externaltools.gnu-tools-for-stm32.11.3.rel1.win32_1.1.1.202309131626/tools/bin/../lib/gcc/arm-none-eabi/11.3.1/thumb/v7e-m+fp/hard/crtbegin.o
 .ARM.attributes
                0x0000000000000052       0x34 ./Core/STM32_Handheld_Console/display/display_driver.o
 .ARM.attributes
                0x0000000000000086       0x34 ./Core/Src/main.o
 .ARM.attributes
                0x00000000000000ba       0x34 ./Core/Src/stm32f4xx_hal_msp.o
 .ARM.attributes
                0x00000000000000ee       0x34 ./Core/Src/stm32f4xx_it.o
 .ARM.attributes
                0x0000000000000122       0x34 ./Core/Src/system_stm32f4xx.o
 .ARM.attributes
                0x0000000000000156       0x21 ./Core/Startup/startup_stm32f411ceux.o
 .ARM.attributes
                0x0000000000000177       0x34 ./Drivers/STM32F4xx_HAL_Driver/Src/stm32f4xx_hal.o
 .ARM.attributes
                0x00000000000001ab       0x34 ./Drivers/STM32F4xx_HAL_Driver/Src/stm32f4xx_hal_adc.o
 .ARM.attributes
                0x00000000000001df       0x34 ./Drivers/STM32F4xx_HAL_Driver/Src/stm32f4xx_hal_cortex.o
 .ARM.attributes
                0x0000000000000213       0x34 ./Drivers/STM32F4xx_HAL_Driver/Src/stm32f4xx_hal_gpio.o
 .ARM.attributes
                0x0000000000000247       0x34 ./Drivers/STM32F4xx_HAL_Driver/Src/stm32f4xx_hal_rcc.o
 .ARM.attributes
                0x000000000000027b       0x34 ./Drivers/STM32F4xx_HAL_Driver/Src/stm32f4xx_hal_spi.o
 .ARM.attributes
                0x00000000000002af       0x34 ./FATFS/App/fatfs.o
 .ARM.attributes
                0x00000000000002e3       0x34 ./FATFS/Target/user_diskio.o
 .ARM.attributes
                0x0000000000000317       0x34 ./FATFS/Target/user_diskio_spi.o
 .ARM.attributes
                0x000000000000034b       0x34 ./Middlewares/Third_Party/FatFs/src/ff_gen_drv.o
 .ARM.attributes
                0x000000000000037f       0x34 C:/ST/STM32CubeIDE_1.13.1/STM32CubeIDE/plugins/com.st.stm32cube.ide.mcu.externaltools.gnu-tools-for-stm32.11.3.rel1.win32_1.1.1.202309131626/tools/bin/../lib/gcc/arm-none-eabi/11.3.1/../../../../arm-none-eabi/lib/thumb/v7e-m+fp/hard\libc_nano.a(libc_a-memset.o)
 .ARM.attributes
                0x00000000000003b3       0x34 C:/ST/STM32CubeIDE_1.13.1/STM32CubeIDE/plugins/com.st.stm32cube.ide.mcu.externaltools.gnu-tools-for-stm32.11.3.rel1.win32_1.1.1.202309131626/tools/bin/../lib/gcc/arm-none-eabi/11.3.1/../../../../arm-none-eabi/lib/thumb/v7e-m+fp/hard\libc_nano.a(libc_a-init.o)
 .ARM.attributes
                0x00000000000003e7       0x1e C:/ST/STM32CubeIDE_1.13.1/STM32CubeIDE/plugins/com.st.stm32cube.ide.mcu.externaltools.gnu-tools-for-stm32.11.3.rel1.win32_1.1.1.202309131626/tools/bin/../lib/gcc/arm-none-eabi/11.3.1/thumb/v7e-m+fp/hard\libgcc.a(_aeabi_uldivmod.o)
 .ARM.attributes
                0x0000000000000405       0x34 C:/ST/STM32CubeIDE_1.13.1/STM32CubeIDE/plugins/com.st.stm32cube.ide.mcu.externaltools.gnu-tools-for-stm32.11.3.rel1.win32_1.1.1.202309131626/tools/bin/../lib/gcc/arm-none-eabi/11.3.1/thumb/v7e-m+fp/hard\libgcc.a(_udivmoddi4.o)
 .ARM.attributes
                0x0000000000000439       0x1e C:/ST/STM32CubeIDE_1.13.1/STM32CubeIDE/plugins/com.st.stm32cube.ide.mcu.externaltools.gnu-tools-for-stm32.11.3.rel1.win32_1.1.1.202309131626/tools/bin/../lib/gcc/arm-none-eabi/11.3.1/thumb/v7e-m+fp/hard\libgcc.a(_dvmd_tls.o)
 .ARM.attributes
                0x0000000000000457       0x1e C:/ST/STM32CubeIDE_1.13.1/STM32CubeIDE/plugins/com.st.stm32cube.ide.mcu.externaltools.gnu-tools-for-stm32.11.3.rel1.win32_1.1.1.202309131626/tools/bin/../lib/gcc/arm-none-eabi/11.3.1/thumb/v7e-m+fp/hard/crtn.o
OUTPUT(STM32 Handheld Console.elf elf32-littlearm)
LOAD linker stubs
LOAD C:/ST/STM32CubeIDE_1.13.1/STM32CubeIDE/plugins/com.st.stm32cube.ide.mcu.externaltools.gnu-tools-for-stm32.11.3.rel1.win32_1.1.1.202309131626/tools/bin/../lib/gcc/arm-none-eabi/11.3.1/../../../../arm-none-eabi/lib/thumb/v7e-m+fp/hard\libc.a
LOAD C:/ST/STM32CubeIDE_1.13.1/STM32CubeIDE/plugins/com.st.stm32cube.ide.mcu.externaltools.gnu-tools-for-stm32.11.3.rel1.win32_1.1.1.202309131626/tools/bin/../lib/gcc/arm-none-eabi/11.3.1/../../../../arm-none-eabi/lib/thumb/v7e-m+fp/hard\libm.a
LOAD C:/ST/STM32CubeIDE_1.13.1/STM32CubeIDE/plugins/com.st.stm32cube.ide.mcu.externaltools.gnu-tools-for-stm32.11.3.rel1.win32_1.1.1.202309131626/tools/bin/../lib/gcc/arm-none-eabi/11.3.1/thumb/v7e-m+fp/hard\libgcc.a

.comment        0x0000000000000000       0x43
 .comment       0x0000000000000000       0x43 C:/ST/STM32CubeIDE_1.13.1/STM32CubeIDE/plugins/com.st.stm32cube.ide.mcu.externaltools.gnu-tools-for-stm32.11.3.rel1.win32_1.1.1.202309131626/tools/bin/../lib/gcc/arm-none-eabi/11.3.1/thumb/v7e-m+fp/hard/crtbegin.o
                                         0x44 (size before relaxing)
 .comment       0x0000000000000043       0x44 ./Core/STM32_Handheld_Console/display/display_driver.o
 .comment       0x0000000000000043       0x44 ./Core/Src/main.o
 .comment       0x0000000000000043       0x44 ./Core/Src/stm32f4xx_hal_msp.o
 .comment       0x0000000000000043       0x44 ./Core/Src/stm32f4xx_it.o
 .comment       0x0000000000000043       0x44 ./Core/Src/system_stm32f4xx.o
 .comment       0x0000000000000043       0x44 ./Drivers/STM32F4xx_HAL_Driver/Src/stm32f4xx_hal.o
 .comment       0x0000000000000043       0x44 ./Drivers/STM32F4xx_HAL_Driver/Src/stm32f4xx_hal_adc.o
 .comment       0x0000000000000043       0x44 ./Drivers/STM32F4xx_HAL_Driver/Src/stm32f4xx_hal_cortex.o
 .comment       0x0000000000000043       0x44 ./Drivers/STM32F4xx_HAL_Driver/Src/stm32f4xx_hal_gpio.o
 .comment       0x0000000000000043       0x44 ./Drivers/STM32F4xx_HAL_Driver/Src/stm32f4xx_hal_rcc.o
 .comment       0x0000000000000043       0x44 ./Drivers/STM32F4xx_HAL_Driver/Src/stm32f4xx_hal_spi.o
 .comment       0x0000000000000043       0x44 ./FATFS/App/fatfs.o
 .comment       0x0000000000000043       0x44 ./FATFS/Target/user_diskio.o
 .comment       0x0000000000000043       0x44 ./FATFS/Target/user_diskio_spi.o
 .comment       0x0000000000000043       0x44 ./Middlewares/Third_Party/FatFs/src/ff_gen_drv.o

.debug_info     0x0000000000000000     0x85ec
 .debug_info    0x0000000000000000      0x441 ./Core/STM32_Handheld_Console/display/display_driver.o
 .debug_info    0x0000000000000441      0xf7d ./Core/Src/main.o
 .debug_info    0x00000000000013be      0xc30 ./Core/Src/stm32f4xx_hal_msp.o
 .debug_info    0x0000000000001fee      0x112 ./Core/Src/stm32f4xx_it.o
 .debug_info    0x0000000000002100      0x53e ./Core/Src/system_stm32f4xx.o
 .debug_info    0x000000000000263e       0x23 ./Core/Startup/startup_stm32f411ceux.o
 .debug_info    0x0000000000002661      0x8c4 ./Drivers/STM32F4xx_HAL_Driver/Src/stm32f4xx_hal.o
 .debug_info    0x0000000000002f25      0xcd1 ./Drivers/STM32F4xx_HAL_Driver/Src/stm32f4xx_hal_adc.o
 .debug_info    0x0000000000003bf6      0xcb6 ./Drivers/STM32F4xx_HAL_Driver/Src/stm32f4xx_hal_cortex.o
 .debug_info    0x00000000000048ac      0x6f9 ./Drivers/STM32F4xx_HAL_Driver/Src/stm32f4xx_hal_gpio.o
 .debug_info    0x0000000000004fa5      0x8f2 ./Drivers/STM32F4xx_HAL_Driver/Src/stm32f4xx_hal_rcc.o
 .debug_info    0x0000000000005897     0x1606 ./Drivers/STM32F4xx_HAL_Driver/Src/stm32f4xx_hal_spi.o
 .debug_info    0x0000000000006e9d      0x4d9 ./FATFS/App/fatfs.o
 .debug_info    0x0000000000007376      0x3aa ./FATFS/Target/user_diskio.o
 .debug_info    0x0000000000007720      0xb4d ./FATFS/Target/user_diskio_spi.o
 .debug_info    0x000000000000826d      0x37f ./Middlewares/Third_Party/FatFs/src/ff_gen_drv.o

.debug_abbrev   0x0000000000000000     0x1d8d
 .debug_abbrev  0x0000000000000000      0x1eb ./Core/STM32_Handheld_Console/display/display_driver.o
 .debug_abbrev  0x00000000000001eb      0x293 ./Core/Src/main.o
 .debug_abbrev  0x000000000000047e      0x1a5 ./Core/Src/stm32f4xx_hal_msp.o
 .debug_abbrev  0x0000000000000623       0x73 ./Core/Src/stm32f4xx_it.o
 .debug_abbrev  0x0000000000000696      0x11a ./Core/Src/system_stm32f4xx.o
 .debug_abbrev  0x00000000000007b0       0x12 ./Core/Startup/startup_stm32f411ceux.o
 .debug_abbrev  0x00000000000007c2      0x24b ./Drivers/STM32F4xx_HAL_Driver/Src/stm32f4xx_hal.o
 .debug_abbrev  0x0000000000000a0d      0x20e ./Drivers/STM32F4xx_HAL_Driver/Src/stm32f4xx_hal_adc.o
 .debug_abbrev  0x0000000000000c1b      0x327 ./Drivers/STM32F4xx_HAL_Driver/Src/stm32f4xx_hal_cortex.o
 .debug_abbrev  0x0000000000000f42      0x1d3 ./Drivers/STM32F4xx_HAL_Driver/Src/stm32f4xx_hal_gpio.o
 .debug_abbrev  0x0000000000001115      0x2b5 ./Drivers/STM32F4xx_HAL_Driver/Src/stm32f4xx_hal_rcc.o
 .debug_abbrev  0x00000000000013ca      0x280 ./Drivers/STM32F4xx_HAL_Driver/Src/stm32f4xx_hal_spi.o
 .debug_abbrev  0x000000000000164a      0x160 ./FATFS/App/fatfs.o
 .debug_abbrev  0x00000000000017aa      0x143 ./FATFS/Target/user_diskio.o
 .debug_abbrev  0x00000000000018ed      0x301 ./FATFS/Target/user_diskio_spi.o
 .debug_abbrev  0x0000000000001bee      0x19f ./Middlewares/Third_Party/FatFs/src/ff_gen_drv.o

.debug_aranges  0x0000000000000000      0x880
 .debug_aranges
                0x0000000000000000       0x68 ./Core/STM32_Handheld_Console/display/display_driver.o
 .debug_aranges
                0x0000000000000068       0x48 ./Core/Src/main.o
 .debug_aranges
                0x00000000000000b0       0x40 ./Core/Src/stm32f4xx_hal_msp.o
 .debug_aranges
                0x00000000000000f0       0x60 ./Core/Src/stm32f4xx_it.o
 .debug_aranges
                0x0000000000000150       0x28 ./Core/Src/system_stm32f4xx.o
 .debug_aranges
                0x0000000000000178       0x28 ./Core/Startup/startup_stm32f411ceux.o
 .debug_aranges
                0x00000000000001a0       0xf0 ./Drivers/STM32F4xx_HAL_Driver/Src/stm32f4xx_hal.o
 .debug_aranges
                0x0000000000000290       0xe8 ./Drivers/STM32F4xx_HAL_Driver/Src/stm32f4xx_hal_adc.o
 .debug_aranges
                0x0000000000000378      0x118 ./Drivers/STM32F4xx_HAL_Driver/Src/stm32f4xx_hal_cortex.o
 .debug_aranges
                0x0000000000000490       0x58 ./Drivers/STM32F4xx_HAL_Driver/Src/stm32f4xx_hal_gpio.o
 .debug_aranges
                0x00000000000004e8       0x88 ./Drivers/STM32F4xx_HAL_Driver/Src/stm32f4xx_hal_rcc.o
 .debug_aranges
                0x0000000000000570      0x1d0 ./Drivers/STM32F4xx_HAL_Driver/Src/stm32f4xx_hal_spi.o
 .debug_aranges
                0x0000000000000740       0x28 ./FATFS/App/fatfs.o
 .debug_aranges
                0x0000000000000768       0x40 ./FATFS/Target/user_diskio.o
 .debug_aranges
                0x00000000000007a8       0x98 ./FATFS/Target/user_diskio_spi.o
 .debug_aranges
                0x0000000000000840       0x40 ./Middlewares/Third_Party/FatFs/src/ff_gen_drv.o

.debug_rnglists
                0x0000000000000000      0x64e
 .debug_rnglists
                0x0000000000000000       0x4f ./Core/STM32_Handheld_Console/display/display_driver.o
 .debug_rnglists
                0x000000000000004f       0x34 ./Core/Src/main.o
 .debug_rnglists
                0x0000000000000083       0x2d ./Core/Src/stm32f4xx_hal_msp.o
 .debug_rnglists
                0x00000000000000b0       0x43 ./Core/Src/stm32f4xx_it.o
 .debug_rnglists
                0x00000000000000f3       0x1a ./Core/Src/system_stm32f4xx.o
 .debug_rnglists
                0x000000000000010d       0x19 ./Core/Startup/startup_stm32f411ceux.o
 .debug_rnglists
                0x0000000000000126       0xaf ./Drivers/STM32F4xx_HAL_Driver/Src/stm32f4xx_hal.o
 .debug_rnglists
                0x00000000000001d5       0xb5 ./Drivers/STM32F4xx_HAL_Driver/Src/stm32f4xx_hal_adc.o
 .debug_rnglists
                0x000000000000028a       0xce ./Drivers/STM32F4xx_HAL_Driver/Src/stm32f4xx_hal_cortex.o
 .debug_rnglists
                0x0000000000000358       0x3f ./Drivers/STM32F4xx_HAL_Driver/Src/stm32f4xx_hal_gpio.o
 .debug_rnglists
                0x0000000000000397       0x66 ./Drivers/STM32F4xx_HAL_Driver/Src/stm32f4xx_hal_rcc.o
 .debug_rnglists
                0x00000000000003fd      0x16f ./Drivers/STM32F4xx_HAL_Driver/Src/stm32f4xx_hal_spi.o
 .debug_rnglists
                0x000000000000056c       0x19 ./FATFS/App/fatfs.o
 .debug_rnglists
                0x0000000000000585       0x2b ./FATFS/Target/user_diskio.o
 .debug_rnglists
                0x00000000000005b0       0x72 ./FATFS/Target/user_diskio_spi.o
 .debug_rnglists
                0x0000000000000622       0x2c ./Middlewares/Third_Party/FatFs/src/ff_gen_drv.o

.debug_macro    0x0000000000000000    0x179f7
 .debug_macro   0x0000000000000000      0x2d8 ./Core/STM32_Handheld_Console/display/display_driver.o
 .debug_macro   0x00000000000002d8      0xaa8 ./Core/STM32_Handheld_Console/display/display_driver.o
 .debug_macro   0x0000000000000d80       0x22 ./Core/STM32_Handheld_Console/display/display_driver.o
 .debug_macro   0x0000000000000da2       0x8e ./Core/STM32_Handheld_Console/display/display_driver.o
 .debug_macro   0x0000000000000e30       0x51 ./Core/STM32_Handheld_Console/display/display_driver.o
 .debug_macro   0x0000000000000e81      0x103 ./Core/STM32_Handheld_Console/display/display_driver.o
 .debug_macro   0x0000000000000f84       0x6a ./Core/STM32_Handheld_Console/display/display_driver.o
 .debug_macro   0x0000000000000fee      0x1df ./Core/STM32_Handheld_Console/display/display_driver.o
 .debug_macro   0x00000000000011cd       0x16 ./Core/STM32_Handheld_Console/display/display_driver.o
 .debug_macro   0x00000000000011e3       0x58 ./Core/STM32_Handheld_Console/display/display_driver.o
 .debug_macro   0x000000000000123b       0x61 ./Core/STM32_Handheld_Console/display/display_driver.o
 .debug_macro   0x000000000000129c       0x2a ./Core/STM32_Handheld_Console/display/display_driver.o
 .debug_macro   0x00000000000012c6       0x43 ./Core/STM32_Handheld_Console/display/display_driver.o
 .debug_macro   0x0000000000001309       0x34 ./Core/STM32_Handheld_Console/display/display_driver.o
 .debug_macro   0x000000000000133d      0x174 ./Core/STM32_Handheld_Console/display/display_driver.o
 .debug_macro   0x00000000000014b1       0x16 ./Core/STM32_Handheld_Console/display/display_driver.o
 .debug_macro   0x00000000000014c7       0x43 ./Core/STM32_Handheld_Console/display/display_driver.o
 .debug_macro   0x000000000000150a       0x34 ./Core/STM32_Handheld_Console/display/display_driver.o
 .debug_macro   0x000000000000153e       0x10 ./Core/STM32_Handheld_Console/display/display_driver.o
 .debug_macro   0x000000000000154e       0x58 ./Core/STM32_Handheld_Console/display/display_driver.o
 .debug_macro   0x00000000000015a6       0x8e ./Core/STM32_Handheld_Console/display/display_driver.o
 .debug_macro   0x0000000000001634       0x1c ./Core/STM32_Handheld_Console/display/display_driver.o
 .debug_macro   0x0000000000001650      0x177 ./Core/STM32_Handheld_Console/display/display_driver.o
 .debug_macro   0x00000000000017c7      0x369 ./Core/STM32_Handheld_Console/display/display_driver.o
 .debug_macro   0x0000000000001b30       0x10 ./Core/STM32_Handheld_Console/display/display_driver.o
 .debug_macro   0x0000000000001b40       0x35 ./Core/STM32_Handheld_Console/display/display_driver.o
 .debug_macro   0x0000000000001b75       0x20 ./Core/STM32_Handheld_Console/display/display_driver.o
 .debug_macro   0x0000000000001b95      0x29b ./Core/STM32_Handheld_Console/display/display_driver.o
 .debug_macro   0x0000000000001e30       0x2e ./Core/STM32_Handheld_Console/display/display_driver.o
 .debug_macro   0x0000000000001e5e       0x28 ./Core/STM32_Handheld_Console/display/display_driver.o
 .debug_macro   0x0000000000001e86       0x1c ./Core/STM32_Handheld_Console/display/display_driver.o
 .debug_macro   0x0000000000001ea2       0x22 ./Core/STM32_Handheld_Console/display/display_driver.o
 .debug_macro   0x0000000000001ec4       0xd9 ./Core/STM32_Handheld_Console/display/display_driver.o
 .debug_macro   0x0000000000001f9d     0x102d ./Core/STM32_Handheld_Console/display/display_driver.o
 .debug_macro   0x0000000000002fca      0x11f ./Core/STM32_Handheld_Console/display/display_driver.o
 .debug_macro   0x00000000000030e9     0xb953 ./Core/STM32_Handheld_Console/display/display_driver.o
 .debug_macro   0x000000000000ea3c       0x6d ./Core/STM32_Handheld_Console/display/display_driver.o
 .debug_macro   0x000000000000eaa9     0x367e ./Core/STM32_Handheld_Console/display/display_driver.o
 .debug_macro   0x0000000000012127       0x56 ./Core/STM32_Handheld_Console/display/display_driver.o
 .debug_macro   0x000000000001217d      0x447 ./Core/STM32_Handheld_Console/display/display_driver.o
 .debug_macro   0x00000000000125c4      0x9fe ./Core/STM32_Handheld_Console/display/display_driver.o
 .debug_macro   0x0000000000012fc2      0x115 ./Core/STM32_Handheld_Console/display/display_driver.o
 .debug_macro   0x00000000000130d7      0x11b ./Core/STM32_Handheld_Console/display/display_driver.o
 .debug_macro   0x00000000000131f2       0xa5 ./Core/STM32_Handheld_Console/display/display_driver.o
 .debug_macro   0x0000000000013297      0x15f ./Core/STM32_Handheld_Console/display/display_driver.o
 .debug_macro   0x00000000000133f6      0x287 ./Core/STM32_Handheld_Console/display/display_driver.o
 .debug_macro   0x000000000001367d       0x5f ./Core/STM32_Handheld_Console/display/display_driver.o
 .debug_macro   0x00000000000136dc      0x236 ./Core/STM32_Handheld_Console/display/display_driver.o
 .debug_macro   0x0000000000013912      0x9e1 ./Core/STM32_Handheld_Console/display/display_driver.o
 .debug_macro   0x00000000000142f3      0x38b ./Core/STM32_Handheld_Console/display/display_driver.o
 .debug_macro   0x000000000001467e      0x17d ./Core/STM32_Handheld_Console/display/display_driver.o
 .debug_macro   0x00000000000147fb       0xf9 ./Core/STM32_Handheld_Console/display/display_driver.o
 .debug_macro   0x00000000000148f4      0x132 ./Core/STM32_Handheld_Console/display/display_driver.o
 .debug_macro   0x0000000000014a26      0x264 ./Core/STM32_Handheld_Console/display/display_driver.o
 .debug_macro   0x0000000000014c8a       0x2e ./Core/STM32_Handheld_Console/display/display_driver.o
 .debug_macro   0x0000000000014cb8      0x11a ./Core/STM32_Handheld_Console/display/display_driver.o
 .debug_macro   0x0000000000014dd2       0x85 ./Core/STM32_Handheld_Console/display/display_driver.o
 .debug_macro   0x0000000000014e57       0x89 ./Core/STM32_Handheld_Console/display/display_driver.o
 .debug_macro   0x0000000000014ee0      0x225 ./Core/STM32_Handheld_Console/display/display_driver.o
 .debug_macro   0x0000000000015105      0x126 ./Core/STM32_Handheld_Console/display/display_driver.o
 .debug_macro   0x000000000001522b      0x166 ./Core/STM32_Handheld_Console/display/display_driver.o
 .debug_macro   0x0000000000015391      0x32d ./Core/Src/main.o
 .debug_macro   0x00000000000156be       0xeb ./Core/Src/main.o
 .debug_macro   0x00000000000157a9       0x16 ./Core/Src/main.o
 .debug_macro   0x00000000000157bf       0x16 ./Core/Src/main.o
 .debug_macro   0x00000000000157d5       0x29 ./Core/Src/main.o
 .debug_macro   0x00000000000157fe       0x12 ./Core/Src/main.o
 .debug_macro   0x0000000000015810       0xe2 ./Core/Src/main.o
 .debug_macro   0x00000000000158f2       0x8e ./Core/Src/main.o
 .debug_macro   0x0000000000015980       0x1c ./Core/Src/main.o
 .debug_macro   0x000000000001599c      0x1f2 ./Core/Src/stm32f4xx_hal_msp.o
 .debug_macro   0x0000000000015b8e      0x1fc ./Core/Src/stm32f4xx_it.o
 .debug_macro   0x0000000000015d8a      0x1e2 ./Core/Src/system_stm32f4xx.o
 .debug_macro   0x0000000000015f6c      0x242 ./Drivers/STM32F4xx_HAL_Driver/Src/stm32f4xx_hal.o
 .debug_macro   0x00000000000161ae      0x1e3 ./Drivers/STM32F4xx_HAL_Driver/Src/stm32f4xx_hal_adc.o
 .debug_macro   0x0000000000016391      0x1e2 ./Drivers/STM32F4xx_HAL_Driver/Src/stm32f4xx_hal_cortex.o
 .debug_macro   0x0000000000016573      0x1e8 ./Drivers/STM32F4xx_HAL_Driver/Src/stm32f4xx_hal_gpio.o
 .debug_macro   0x000000000001675b      0x206 ./Drivers/STM32F4xx_HAL_Driver/Src/stm32f4xx_hal_rcc.o
 .debug_macro   0x0000000000016961      0x1f1 ./Drivers/STM32F4xx_HAL_Driver/Src/stm32f4xx_hal_spi.o
 .debug_macro   0x0000000000016b52      0x317 ./FATFS/App/fatfs.o
 .debug_macro   0x0000000000016e69       0xe5 ./FATFS/App/fatfs.o
 .debug_macro   0x0000000000016f4e      0x346 ./FATFS/Target/user_diskio.o
 .debug_macro   0x0000000000017294       0x16 ./FATFS/Target/user_diskio.o
 .debug_macro   0x00000000000172aa       0x7c ./FATFS/Target/user_diskio.o
 .debug_macro   0x0000000000017326      0x3bd ./FATFS/Target/user_diskio_spi.o
 .debug_macro   0x00000000000176e3       0x10 ./FATFS/Target/user_diskio_spi.o
 .debug_macro   0x00000000000176f3      0x304 ./Middlewares/Third_Party/FatFs/src/ff_gen_drv.o

.debug_line     0x0000000000000000     0xbd3e
 .debug_line    0x0000000000000000      0xc71 ./Core/STM32_Handheld_Console/display/display_driver.o
 .debug_line    0x0000000000000c71      0xc69 ./Core/Src/main.o
 .debug_line    0x00000000000018da      0x7f0 ./Core/Src/stm32f4xx_hal_msp.o
 .debug_line    0x00000000000020ca      0x81e ./Core/Src/stm32f4xx_it.o
 .debug_line    0x00000000000028e8      0x7dd ./Core/Src/system_stm32f4xx.o
 .debug_line    0x00000000000030c5       0x7a ./Core/Startup/startup_stm32f411ceux.o
 .debug_line    0x000000000000313f      0xa43 ./Drivers/STM32F4xx_HAL_Driver/Src/stm32f4xx_hal.o
 .debug_line    0x0000000000003b82     0x11e7 ./Drivers/STM32F4xx_HAL_Driver/Src/stm32f4xx_hal_adc.o
 .debug_line    0x0000000000004d69      0xcf2 ./Drivers/STM32F4xx_HAL_Driver/Src/stm32f4xx_hal_cortex.o
 .debug_line    0x0000000000005a5b      0xb7b ./Drivers/STM32F4xx_HAL_Driver/Src/stm32f4xx_hal_gpio.o
 .debug_line    0x00000000000065d6      0xdba ./Drivers/STM32F4xx_HAL_Driver/Src/stm32f4xx_hal_rcc.o
 .debug_line    0x0000000000007390     0x1cd4 ./Drivers/STM32F4xx_HAL_Driver/Src/stm32f4xx_hal_spi.o
 .debug_line    0x0000000000009064      0x94a ./FATFS/App/fatfs.o
 .debug_line    0x00000000000099ae      0x9b5 ./FATFS/Target/user_diskio.o
 .debug_line    0x000000000000a363     0x1004 ./FATFS/Target/user_diskio_spi.o
 .debug_line    0x000000000000b367      0x9d7 ./Middlewares/Third_Party/FatFs/src/ff_gen_drv.o

.debug_str      0x0000000000000000    0x91921
 .debug_str     0x0000000000000000    0x8e614 ./Core/STM32_Handheld_Console/display/display_driver.o
                                      0x8e8e5 (size before relaxing)
 .debug_str     0x000000000008e614     0x1180 ./Core/Src/main.o
                                      0x8ed40 (size before relaxing)
 .debug_str     0x000000000008f794       0x8a ./Core/Src/stm32f4xx_hal_msp.o
                                      0x8b11b (size before relaxing)
 .debug_str     0x000000000008f81e       0xc9 ./Core/Src/stm32f4xx_it.o
                                      0x8a9e7 (size before relaxing)
 .debug_str     0x000000000008f8e7       0xdb ./Core/Src/system_stm32f4xx.o
                                      0x8ab0f (size before relaxing)
 .debug_str     0x000000000008f9c2       0x34 ./Core/Startup/startup_stm32f411ceux.o
                                         0x89 (size before relaxing)
 .debug_str     0x000000000008f9f6      0x9ae ./Drivers/STM32F4xx_HAL_Driver/Src/stm32f4xx_hal.o
                                      0x8b53b (size before relaxing)
 .debug_str     0x00000000000903a4      0x2d7 ./Drivers/STM32F4xx_HAL_Driver/Src/stm32f4xx_hal_adc.o
                                      0x8b0ea (size before relaxing)
 .debug_str     0x000000000009067b      0x34d ./Drivers/STM32F4xx_HAL_Driver/Src/stm32f4xx_hal_cortex.o
                                      0x8b25c (size before relaxing)
 .debug_str     0x00000000000909c8      0x121 ./Drivers/STM32F4xx_HAL_Driver/Src/stm32f4xx_hal_gpio.o
                                      0x8ac8a (size before relaxing)
 .debug_str     0x0000000000090ae9      0x233 ./Drivers/STM32F4xx_HAL_Driver/Src/stm32f4xx_hal_rcc.o
                                      0x8af43 (size before relaxing)
 .debug_str     0x0000000000090d1c      0x578 ./Drivers/STM32F4xx_HAL_Driver/Src/stm32f4xx_hal_spi.o
                                      0x8b3c1 (size before relaxing)
 .debug_str     0x0000000000091294      0x1c6 ./FATFS/App/fatfs.o
                                      0x8e2f7 (size before relaxing)
 .debug_str     0x000000000009145a       0xd4 ./FATFS/Target/user_diskio.o
                                      0x8e2d9 (size before relaxing)
 .debug_str     0x000000000009152e      0x339 ./FATFS/Target/user_diskio_spi.o
                                      0x8e9ca (size before relaxing)
 .debug_str     0x0000000000091867       0xba ./Middlewares/Third_Party/FatFs/src/ff_gen_drv.o
                                      0x8e257 (size before relaxing)

.debug_frame    0x0000000000000000     0x20b0
 .debug_frame   0x0000000000000000      0x184 ./Core/STM32_Handheld_Console/display/display_driver.o
 .debug_frame   0x0000000000000184       0xd0 ./Core/Src/main.o
 .debug_frame   0x0000000000000254       0xc8 ./Core/Src/stm32f4xx_hal_msp.o
 .debug_frame   0x000000000000031c      0x104 ./Core/Src/stm32f4xx_it.o
 .debug_frame   0x0000000000000420       0x58 ./Core/Src/system_stm32f4xx.o
 .debug_frame   0x0000000000000478      0x374 ./Drivers/STM32F4xx_HAL_Driver/Src/stm32f4xx_hal.o
 .debug_frame   0x00000000000007ec      0x3fc ./Drivers/STM32F4xx_HAL_Driver/Src/stm32f4xx_hal_adc.o
 .debug_frame   0x0000000000000be8      0x498 ./Drivers/STM32F4xx_HAL_Driver/Src/stm32f4xx_hal_cortex.o
 .debug_frame   0x0000000000001080      0x14c ./Drivers/STM32F4xx_HAL_Driver/Src/stm32f4xx_hal_gpio.o
 .debug_frame   0x00000000000011cc      0x1f4 ./Drivers/STM32F4xx_HAL_Driver/Src/stm32f4xx_hal_rcc.o
 .debug_frame   0x00000000000013c0      0x824 ./Drivers/STM32F4xx_HAL_Driver/Src/stm32f4xx_hal_spi.o
 .debug_frame   0x0000000000001be4       0x4c ./FATFS/App/fatfs.o
 .debug_frame   0x0000000000001c30       0xc4 ./FATFS/Target/user_diskio.o
 .debug_frame   0x0000000000001cf4      0x248 ./FATFS/Target/user_diskio_spi.o
 .debug_frame   0x0000000000001f3c       0xc8 ./Middlewares/Third_Party/FatFs/src/ff_gen_drv.o
 .debug_frame   0x0000000000002004       0x20 C:/ST/STM32CubeIDE_1.13.1/STM32CubeIDE/plugins/com.st.stm32cube.ide.mcu.externaltools.gnu-tools-for-stm32.11.3.rel1.win32_1.1.1.202309131626/tools/bin/../lib/gcc/arm-none-eabi/11.3.1/../../../../arm-none-eabi/lib/thumb/v7e-m+fp/hard\libc_nano.a(libc_a-memset.o)
 .debug_frame   0x0000000000002024       0x2c C:/ST/STM32CubeIDE_1.13.1/STM32CubeIDE/plugins/com.st.stm32cube.ide.mcu.externaltools.gnu-tools-for-stm32.11.3.rel1.win32_1.1.1.202309131626/tools/bin/../lib/gcc/arm-none-eabi/11.3.1/../../../../arm-none-eabi/lib/thumb/v7e-m+fp/hard\libc_nano.a(libc_a-init.o)
 .debug_frame   0x0000000000002050       0x2c C:/ST/STM32CubeIDE_1.13.1/STM32CubeIDE/plugins/com.st.stm32cube.ide.mcu.externaltools.gnu-tools-for-stm32.11.3.rel1.win32_1.1.1.202309131626/tools/bin/../lib/gcc/arm-none-eabi/11.3.1/thumb/v7e-m+fp/hard\libgcc.a(_aeabi_uldivmod.o)
 .debug_frame   0x000000000000207c       0x34 C:/ST/STM32CubeIDE_1.13.1/STM32CubeIDE/plugins/com.st.stm32cube.ide.mcu.externaltools.gnu-tools-for-stm32.11.3.rel1.win32_1.1.1.202309131626/tools/bin/../lib/gcc/arm-none-eabi/11.3.1/thumb/v7e-m+fp/hard\libgcc.a(_udivmoddi4.o)

.debug_line_str
                0x0000000000000000       0x7d
 .debug_line_str
                0x0000000000000000       0x7d ./Core/Startup/startup_stm32f411ceux.o
                                         0x95 (size before relaxing)
